export const snapshot = {};

snapshot[`nixpkgs#hello > fetch 1`] = `
NarInfo {
  compression: "xz",
  deriver: "pznj731mjim1xdd5mir97l20pk3gy5a8-hello-2.12.1.drv",
  fileHash: Hash {
    algorithm: "sha256",
    hash: Uint8Array(32) [
      154,
      223,
      186,
      27,
      240,
      59,
      27,
      55,
      0,
      67,
      192,
      157,
      136,
      86,
      236,
      93,
      152,
      47,
      31,
      174,
      13,
      35,
      42,
      193,
      30,
      102,
      242,
      182,
      224,
      95,
      6,
      141,
    ],
    raw: "sha256:1386bzhbdwk63v0jl8qdmqgjz62xxib8i7f08c03f6rvy0dvmpws",
  },
  fileSize: 52484,
  hash: "a7hnr9dcmx3qkkn8a20g7md1wya5zc9l",
  narHash: Hash {
    algorithm: "sha256",
    hash: Uint8Array(32) [
      21,
      39,
      148,
      161,
      76,
      100,
      230,
      236,
      237,
      255,
      33,
      25,
      222,
      213,
      254,
      229,
      223,
      1,
      191,
      49,
      177,
      96,
      143,
      22,
      41,
      32,
      31,
      201,
      69,
      133,
      60,
      131,
    ],
    raw: "sha256:10rwhm2wj7r054b8yq5i66zh3pz5zvaxw691zznyrrk49jhr89qm",
  },
  narPathname: "nar/1386bzhbdwk63v0jl8qdmqgjz62xxib8i7f08c03f6rvy0dvmpws.nar.xz",
  narSize: 234680,
  references: [
    "65h17wjrrlsj2rj540igylrx7fqcd6vq-glibc-2.40-36",
    "a7hnr9dcmx3qkkn8a20g7md1wya5zc9l-hello-2.12.1",
  ],
  sig: "cache.nixos.org-1:HBx8vRSFoiXhIKtXLv7LSHdEcIH5Ji4zeADslQEKWn+j++VJpWM8ASIMQ4ilCucWkzN1SlZdqSLpNhHwWPayDA==",
  store: BinaryCache {
    priority: 40,
    storeDir: "/nix/store",
    url: URL {
      hash: "",
      host: "cache.nixos.org",
      hostname: "cache.nixos.org",
      href: "https://cache.nixos.org/",
      origin: "https://cache.nixos.org",
      password: "",
      pathname: "/",
      port: "",
      protocol: "https:",
      search: "",
      username: "",
    },
    wantMassQuery: true,
  },
  storePath: "/nix/store/a7hnr9dcmx3qkkn8a20g7md1wya5zc9l-hello-2.12.1",
}
`;
