export const snapshot = {};

snapshot[`nixpkgs#hello > fetch 1`] = `
NarInfo {
  compression: "xz",
  deriver: "fqs92lzychkm6p37j7fnj4d65nq9fzla-hello-2.12.1.drv",
  fileHash: Hash {
    algorithm: "sha256",
    hash: Uint8Array(32) [
      55,
      4,
      13,
      107,
      248,
      240,
      22,
      164,
      131,
      173,
      52,
      254,
      7,
      36,
      30,
      61,
      199,
      57,
      93,
      19,
      152,
      202,
      22,
      90,
      149,
      203,
      13,
      228,
      159,
      79,
      49,
      55,
    ],
    raw: "sha256:0dri9ygy83fbjmd1djlq2dfkkirx3qj0gzilmn1s85phz1mhs11p",
  },
  fileSize: 50364,
  listing: {
    root: {
      entries: {
        bin: {
          entries: {
            hello: {
              executable: true,
              narOffset: 400,
              size: 55712,
              type: "regular",
            },
          },
          type: "directory",
        },
        share: {
          entries: {
            info: {
              entries: {
                "hello.info": {
                  narOffset: 56608,
                  size: 36466,
                  type: "regular",
                },
              },
              type: "directory",
            },
            locale: {
              entries: {
                ast: {
                  entries: {
                    LC_MESSAGES: {
                      entries: {
                        "hello.mo": {
                          narOffset: 93712,
                          size: 1570,
                          type: "regular",
                        },
                      },
                      type: "directory",
                    },
                  },
                  type: "directory",
                },
                bg: {
                  entries: {
                    LC_MESSAGES: {
                      entries: {
                        "hello.mo": {
                          narOffset: 95816,
                          size: 1032,
                          type: "regular",
                        },
                      },
                      type: "directory",
                    },
                  },
                  type: "directory",
                },
                ca: {
                  entries: {
                    LC_MESSAGES: {
                      entries: {
                        "hello.mo": {
                          narOffset: 97376,
                          size: 1558,
                          type: "regular",
                        },
                      },
                      type: "directory",
                    },
                  },
                  type: "directory",
                },
                da: {
                  entries: {
                    LC_MESSAGES: {
                      entries: {
                        "hello.mo": {
                          narOffset: 99464,
                          size: 1657,
                          type: "regular",
                        },
                      },
                      type: "directory",
                    },
                  },
                  type: "directory",
                },
                de: {
                  entries: {
                    LC_MESSAGES: {
                      entries: {
                        "hello.mo": {
                          narOffset: 101656,
                          size: 4932,
                          type: "regular",
                        },
                      },
                      type: "directory",
                    },
                  },
                  type: "directory",
                },
                el: {
                  entries: {
                    LC_MESSAGES: {
                      entries: {
                        "hello.mo": {
                          narOffset: 107120,
                          size: 1495,
                          type: "regular",
                        },
                      },
                      type: "directory",
                    },
                  },
                  type: "directory",
                },
                eo: {
                  entries: {
                    LC_MESSAGES: {
                      entries: {
                        "hello.mo": {
                          narOffset: 109144,
                          size: 1496,
                          type: "regular",
                        },
                      },
                      type: "directory",
                    },
                  },
                  type: "directory",
                },
                es: {
                  entries: {
                    LC_MESSAGES: {
                      entries: {
                        "hello.mo": {
                          narOffset: 111168,
                          size: 1432,
                          type: "regular",
                        },
                      },
                      type: "directory",
                    },
                  },
                  type: "directory",
                },
                et: {
                  entries: {
                    LC_MESSAGES: {
                      entries: {
                        "hello.mo": {
                          narOffset: 113128,
                          size: 4508,
                          type: "regular",
                        },
                      },
                      type: "directory",
                    },
                  },
                  type: "directory",
                },
                eu: {
                  entries: {
                    LC_MESSAGES: {
                      entries: {
                        "hello.mo": {
                          narOffset: 118168,
                          size: 504,
                          type: "regular",
                        },
                      },
                      type: "directory",
                    },
                  },
                  type: "directory",
                },
                fa: {
                  entries: {
                    LC_MESSAGES: {
                      entries: {
                        "hello.mo": {
                          narOffset: 119200,
                          size: 5605,
                          type: "regular",
                        },
                      },
                      type: "directory",
                    },
                  },
                  type: "directory",
                },
                fi: {
                  entries: {
                    LC_MESSAGES: {
                      entries: {
                        "hello.mo": {
                          narOffset: 125336,
                          size: 4780,
                          type: "regular",
                        },
                      },
                      type: "directory",
                    },
                  },
                  type: "directory",
                },
                fr: {
                  entries: {
                    LC_MESSAGES: {
                      entries: {
                        "hello.mo": {
                          narOffset: 130648,
                          size: 1637,
                          type: "regular",
                        },
                      },
                      type: "directory",
                    },
                  },
                  type: "directory",
                },
                ga: {
                  entries: {
                    LC_MESSAGES: {
                      entries: {
                        "hello.mo": {
                          narOffset: 132816,
                          size: 1578,
                          type: "regular",
                        },
                      },
                      type: "directory",
                    },
                  },
                  type: "directory",
                },
                gl: {
                  entries: {
                    LC_MESSAGES: {
                      entries: {
                        "hello.mo": {
                          narOffset: 134928,
                          size: 1748,
                          type: "regular",
                        },
                      },
                      type: "directory",
                    },
                  },
                  type: "directory",
                },
                he: {
                  entries: {
                    LC_MESSAGES: {
                      entries: {
                        "hello.mo": {
                          narOffset: 137208,
                          size: 480,
                          type: "regular",
                        },
                      },
                      type: "directory",
                    },
                  },
                  type: "directory",
                },
                hr: {
                  entries: {
                    LC_MESSAGES: {
                      entries: {
                        "hello.mo": {
                          narOffset: 138216,
                          size: 4960,
                          type: "regular",
                        },
                      },
                      type: "directory",
                    },
                  },
                  type: "directory",
                },
                hu: {
                  entries: {
                    LC_MESSAGES: {
                      entries: {
                        "hello.mo": {
                          narOffset: 143704,
                          size: 1778,
                          type: "regular",
                        },
                      },
                      type: "directory",
                    },
                  },
                  type: "directory",
                },
                id: {
                  entries: {
                    LC_MESSAGES: {
                      entries: {
                        "hello.mo": {
                          narOffset: 146016,
                          size: 1377,
                          type: "regular",
                        },
                      },
                      type: "directory",
                    },
                  },
                  type: "directory",
                },
                it: {
                  entries: {
                    LC_MESSAGES: {
                      entries: {
                        "hello.mo": {
                          narOffset: 147928,
                          size: 482,
                          type: "regular",
                        },
                      },
                      type: "directory",
                    },
                  },
                  type: "directory",
                },
                ja: {
                  entries: {
                    LC_MESSAGES: {
                      entries: {
                        "hello.mo": {
                          narOffset: 148944,
                          size: 484,
                          type: "regular",
                        },
                      },
                      type: "directory",
                    },
                  },
                  type: "directory",
                },
                ka: {
                  entries: {
                    LC_MESSAGES: {
                      entries: {
                        "hello.mo": {
                          narOffset: 149960,
                          size: 2240,
                          type: "regular",
                        },
                      },
                      type: "directory",
                    },
                  },
                  type: "directory",
                },
                ko: {
                  entries: {
                    LC_MESSAGES: {
                      entries: {
                        "hello.mo": {
                          narOffset: 152728,
                          size: 968,
                          type: "regular",
                        },
                      },
                      type: "directory",
                    },
                  },
                  type: "directory",
                },
                lv: {
                  entries: {
                    LC_MESSAGES: {
                      entries: {
                        "hello.mo": {
                          narOffset: 154224,
                          size: 1500,
                          type: "regular",
                        },
                      },
                      type: "directory",
                    },
                  },
                  type: "directory",
                },
                ms: {
                  entries: {
                    LC_MESSAGES: {
                      entries: {
                        "hello.mo": {
                          narOffset: 156256,
                          size: 963,
                          type: "regular",
                        },
                      },
                      type: "directory",
                    },
                  },
                  type: "directory",
                },
                nb: {
                  entries: {
                    LC_MESSAGES: {
                      entries: {
                        "hello.mo": {
                          narOffset: 157752,
                          size: 1528,
                          type: "regular",
                        },
                      },
                      type: "directory",
                    },
                  },
                  type: "directory",
                },
                nl: {
                  entries: {
                    LC_MESSAGES: {
                      entries: {
                        "hello.mo": {
                          narOffset: 159808,
                          size: 4955,
                          type: "regular",
                        },
                      },
                      type: "directory",
                    },
                  },
                  type: "directory",
                },
                nn: {
                  entries: {
                    LC_MESSAGES: {
                      entries: {
                        "hello.mo": {
                          narOffset: 165296,
                          size: 519,
                          type: "regular",
                        },
                      },
                      type: "directory",
                    },
                  },
                  type: "directory",
                },
                pl: {
                  entries: {
                    LC_MESSAGES: {
                      entries: {
                        "hello.mo": {
                          narOffset: 166344,
                          size: 4719,
                          type: "regular",
                        },
                      },
                      type: "directory",
                    },
                  },
                  type: "directory",
                },
                pt: {
                  entries: {
                    LC_MESSAGES: {
                      entries: {
                        "hello.mo": {
                          narOffset: 171592,
                          size: 483,
                          type: "regular",
                        },
                      },
                      type: "directory",
                    },
                  },
                  type: "directory",
                },
                pt_BR: {
                  entries: {
                    LC_MESSAGES: {
                      entries: {
                        "hello.mo": {
                          narOffset: 172608,
                          size: 1672,
                          type: "regular",
                        },
                      },
                      type: "directory",
                    },
                  },
                  type: "directory",
                },
                ro: {
                  entries: {
                    LC_MESSAGES: {
                      entries: {
                        "hello.mo": {
                          narOffset: 174808,
                          size: 4907,
                          type: "regular",
                        },
                      },
                      type: "directory",
                    },
                  },
                  type: "directory",
                },
                ru: {
                  entries: {
                    LC_MESSAGES: {
                      entries: {
                        "hello.mo": {
                          narOffset: 180248,
                          size: 6014,
                          type: "regular",
                        },
                      },
                      type: "directory",
                    },
                  },
                  type: "directory",
                },
                sk: {
                  entries: {
                    LC_MESSAGES: {
                      entries: {
                        "hello.mo": {
                          narOffset: 186792,
                          size: 4646,
                          type: "regular",
                        },
                      },
                      type: "directory",
                    },
                  },
                  type: "directory",
                },
                sl: {
                  entries: {
                    LC_MESSAGES: {
                      entries: {
                        "hello.mo": {
                          narOffset: 191968,
                          size: 1505,
                          type: "regular",
                        },
                      },
                      type: "directory",
                    },
                  },
                  type: "directory",
                },
                sr: {
                  entries: {
                    LC_MESSAGES: {
                      entries: {
                        "hello.mo": {
                          narOffset: 194008,
                          size: 1919,
                          type: "regular",
                        },
                      },
                      type: "directory",
                    },
                  },
                  type: "directory",
                },
                sv: {
                  entries: {
                    LC_MESSAGES: {
                      entries: {
                        "hello.mo": {
                          narOffset: 196456,
                          size: 4956,
                          type: "regular",
                        },
                      },
                      type: "directory",
                    },
                  },
                  type: "directory",
                },
                ta: {
                  entries: {
                    LC_MESSAGES: {
                      entries: {
                        "hello.mo": {
                          narOffset: 201944,
                          size: 2352,
                          type: "regular",
                        },
                      },
                      type: "directory",
                    },
                  },
                  type: "directory",
                },
                th: {
                  entries: {
                    LC_MESSAGES: {
                      entries: {
                        "hello.mo": {
                          narOffset: 204824,
                          size: 2259,
                          type: "regular",
                        },
                      },
                      type: "directory",
                    },
                  },
                  type: "directory",
                },
                tr: {
                  entries: {
                    LC_MESSAGES: {
                      entries: {
                        "hello.mo": {
                          narOffset: 207616,
                          size: 1399,
                          type: "regular",
                        },
                      },
                      type: "directory",
                    },
                  },
                  type: "directory",
                },
                uk: {
                  entries: {
                    LC_MESSAGES: {
                      entries: {
                        "hello.mo": {
                          narOffset: 209544,
                          size: 5959,
                          type: "regular",
                        },
                      },
                      type: "directory",
                    },
                  },
                  type: "directory",
                },
                vi: {
                  entries: {
                    LC_MESSAGES: {
                      entries: {
                        "hello.mo": {
                          narOffset: 216032,
                          size: 1751,
                          type: "regular",
                        },
                      },
                      type: "directory",
                    },
                  },
                  type: "directory",
                },
                zh_CN: {
                  entries: {
                    LC_MESSAGES: {
                      entries: {
                        "hello.mo": {
                          narOffset: 218312,
                          size: 4596,
                          type: "regular",
                        },
                      },
                      type: "directory",
                    },
                  },
                  type: "directory",
                },
                zh_TW: {
                  entries: {
                    LC_MESSAGES: {
                      entries: {
                        "hello.mo": {
                          narOffset: 223440,
                          size: 1529,
                          type: "regular",
                        },
                      },
                      type: "directory",
                    },
                  },
                  type: "directory",
                },
              },
              type: "directory",
            },
            man: {
              entries: {
                man1: {
                  entries: {
                    "hello.1.gz": {
                      narOffset: 225536,
                      size: 879,
                      type: "regular",
                    },
                  },
                  type: "directory",
                },
              },
              type: "directory",
            },
          },
          type: "directory",
        },
      },
      type: "directory",
    },
    version: 1,
  },
  narHash: Hash {
    algorithm: "sha256",
    hash: Uint8Array(32) [
      204,
      140,
      89,
      28,
      166,
      161,
      192,
      205,
      181,
      117,
      172,
      37,
      134,
      240,
      220,
      120,
      149,
      61,
      149,
      207,
      223,
      92,
      205,
      159,
      17,
      47,
      152,
      52,
      55,
      101,
      232,
      117,
    ],
    raw: "sha256:0xg8clvk961g26gwsp6zryakv5bqvkq8c9dcfnswvh51lqf5k36c",
  },
  narSize: 226560,
  references: [
    "kwmqk7ygvhypxadsdaai27gl6qfxv7za-hello-2.12.1",
    "m71p7f0nymb19yn1dascklyya2i96jfw-glibc-2.39-52",
  ],
  sig: "cache.nixos.org-1:pSMYjCumz0gqC46TOfG7fGE8uWolJ16UVX1Fpxpj5XiETTnq8Zsv2JRlPnx1ZV2WsO6f6rT6Jfi+aaWtiJTOAQ==",
  storeDir: "/nix/store",
  storePath: "/nix/store/kwmqk7ygvhypxadsdaai27gl6qfxv7za-hello-2.12.1",
  url: URL {
    hash: "",
    host: "cache.nixos.org",
    hostname: "cache.nixos.org",
    href: "https://cache.nixos.org/nar/0dri9ygy83fbjmd1djlq2dfkkirx3qj0gzilmn1s85phz1mhs11p.nar.xz",
    origin: "https://cache.nixos.org",
    password: "",
    pathname: "/nar/0dri9ygy83fbjmd1djlq2dfkkirx3qj0gzilmn1s85phz1mhs11p.nar.xz",
    port: "",
    protocol: "https:",
    search: "",
    username: "",
  },
}
`;

snapshot[`nixpkgs#hello > nar > valid 1`] = `142`;
