export const snapshot = {};

snapshot[`nixpkgs#hello > fetch 1`] = `
NarInfo {
  compression: "xz",
  deriver: "pznj731mjim1xdd5mir97l20pk3gy5a8-hello-2.12.1.drv",
  fileHash: Hash {
    algorithm: "sha256",
    hash: Uint8Array(32) [
      154,
      223,
      186,
      27,
      240,
      59,
      27,
      55,
      0,
      67,
      192,
      157,
      136,
      86,
      236,
      93,
      152,
      47,
      31,
      174,
      13,
      35,
      42,
      193,
      30,
      102,
      242,
      182,
      224,
      95,
      6,
      141,
    ],
    raw: "sha256:1386bzhbdwk63v0jl8qdmqgjz62xxib8i7f08c03f6rvy0dvmpws",
  },
  fileSize: 52484,
  listing: {
    root: {
      entries: {
        bin: {
          entries: {
            hello: {
              executable: true,
              narOffset: 400,
              size: 63832,
              type: "regular",
            },
          },
          type: "directory",
        },
        share: {
          entries: {
            info: {
              entries: {
                "hello.info": {
                  narOffset: 64728,
                  size: 36466,
                  type: "regular",
                },
              },
              type: "directory",
            },
            locale: {
              entries: {
                ast: {
                  entries: {
                    LC_MESSAGES: {
                      entries: {
                        "hello.mo": {
                          narOffset: 101832,
                          size: 1570,
                          type: "regular",
                        },
                      },
                      type: "directory",
                    },
                  },
                  type: "directory",
                },
                bg: {
                  entries: {
                    LC_MESSAGES: {
                      entries: {
                        "hello.mo": {
                          narOffset: 103936,
                          size: 1032,
                          type: "regular",
                        },
                      },
                      type: "directory",
                    },
                  },
                  type: "directory",
                },
                ca: {
                  entries: {
                    LC_MESSAGES: {
                      entries: {
                        "hello.mo": {
                          narOffset: 105496,
                          size: 1558,
                          type: "regular",
                        },
                      },
                      type: "directory",
                    },
                  },
                  type: "directory",
                },
                da: {
                  entries: {
                    LC_MESSAGES: {
                      entries: {
                        "hello.mo": {
                          narOffset: 107584,
                          size: 1657,
                          type: "regular",
                        },
                      },
                      type: "directory",
                    },
                  },
                  type: "directory",
                },
                de: {
                  entries: {
                    LC_MESSAGES: {
                      entries: {
                        "hello.mo": {
                          narOffset: 109776,
                          size: 4932,
                          type: "regular",
                        },
                      },
                      type: "directory",
                    },
                  },
                  type: "directory",
                },
                el: {
                  entries: {
                    LC_MESSAGES: {
                      entries: {
                        "hello.mo": {
                          narOffset: 115240,
                          size: 1495,
                          type: "regular",
                        },
                      },
                      type: "directory",
                    },
                  },
                  type: "directory",
                },
                eo: {
                  entries: {
                    LC_MESSAGES: {
                      entries: {
                        "hello.mo": {
                          narOffset: 117264,
                          size: 1496,
                          type: "regular",
                        },
                      },
                      type: "directory",
                    },
                  },
                  type: "directory",
                },
                es: {
                  entries: {
                    LC_MESSAGES: {
                      entries: {
                        "hello.mo": {
                          narOffset: 119288,
                          size: 1432,
                          type: "regular",
                        },
                      },
                      type: "directory",
                    },
                  },
                  type: "directory",
                },
                et: {
                  entries: {
                    LC_MESSAGES: {
                      entries: {
                        "hello.mo": {
                          narOffset: 121248,
                          size: 4508,
                          type: "regular",
                        },
                      },
                      type: "directory",
                    },
                  },
                  type: "directory",
                },
                eu: {
                  entries: {
                    LC_MESSAGES: {
                      entries: {
                        "hello.mo": {
                          narOffset: 126288,
                          size: 504,
                          type: "regular",
                        },
                      },
                      type: "directory",
                    },
                  },
                  type: "directory",
                },
                fa: {
                  entries: {
                    LC_MESSAGES: {
                      entries: {
                        "hello.mo": {
                          narOffset: 127320,
                          size: 5605,
                          type: "regular",
                        },
                      },
                      type: "directory",
                    },
                  },
                  type: "directory",
                },
                fi: {
                  entries: {
                    LC_MESSAGES: {
                      entries: {
                        "hello.mo": {
                          narOffset: 133456,
                          size: 4780,
                          type: "regular",
                        },
                      },
                      type: "directory",
                    },
                  },
                  type: "directory",
                },
                fr: {
                  entries: {
                    LC_MESSAGES: {
                      entries: {
                        "hello.mo": {
                          narOffset: 138768,
                          size: 1637,
                          type: "regular",
                        },
                      },
                      type: "directory",
                    },
                  },
                  type: "directory",
                },
                ga: {
                  entries: {
                    LC_MESSAGES: {
                      entries: {
                        "hello.mo": {
                          narOffset: 140936,
                          size: 1578,
                          type: "regular",
                        },
                      },
                      type: "directory",
                    },
                  },
                  type: "directory",
                },
                gl: {
                  entries: {
                    LC_MESSAGES: {
                      entries: {
                        "hello.mo": {
                          narOffset: 143048,
                          size: 1748,
                          type: "regular",
                        },
                      },
                      type: "directory",
                    },
                  },
                  type: "directory",
                },
                he: {
                  entries: {
                    LC_MESSAGES: {
                      entries: {
                        "hello.mo": {
                          narOffset: 145328,
                          size: 480,
                          type: "regular",
                        },
                      },
                      type: "directory",
                    },
                  },
                  type: "directory",
                },
                hr: {
                  entries: {
                    LC_MESSAGES: {
                      entries: {
                        "hello.mo": {
                          narOffset: 146336,
                          size: 4960,
                          type: "regular",
                        },
                      },
                      type: "directory",
                    },
                  },
                  type: "directory",
                },
                hu: {
                  entries: {
                    LC_MESSAGES: {
                      entries: {
                        "hello.mo": {
                          narOffset: 151824,
                          size: 1778,
                          type: "regular",
                        },
                      },
                      type: "directory",
                    },
                  },
                  type: "directory",
                },
                id: {
                  entries: {
                    LC_MESSAGES: {
                      entries: {
                        "hello.mo": {
                          narOffset: 154136,
                          size: 1377,
                          type: "regular",
                        },
                      },
                      type: "directory",
                    },
                  },
                  type: "directory",
                },
                it: {
                  entries: {
                    LC_MESSAGES: {
                      entries: {
                        "hello.mo": {
                          narOffset: 156048,
                          size: 482,
                          type: "regular",
                        },
                      },
                      type: "directory",
                    },
                  },
                  type: "directory",
                },
                ja: {
                  entries: {
                    LC_MESSAGES: {
                      entries: {
                        "hello.mo": {
                          narOffset: 157064,
                          size: 484,
                          type: "regular",
                        },
                      },
                      type: "directory",
                    },
                  },
                  type: "directory",
                },
                ka: {
                  entries: {
                    LC_MESSAGES: {
                      entries: {
                        "hello.mo": {
                          narOffset: 158080,
                          size: 2240,
                          type: "regular",
                        },
                      },
                      type: "directory",
                    },
                  },
                  type: "directory",
                },
                ko: {
                  entries: {
                    LC_MESSAGES: {
                      entries: {
                        "hello.mo": {
                          narOffset: 160848,
                          size: 968,
                          type: "regular",
                        },
                      },
                      type: "directory",
                    },
                  },
                  type: "directory",
                },
                lv: {
                  entries: {
                    LC_MESSAGES: {
                      entries: {
                        "hello.mo": {
                          narOffset: 162344,
                          size: 1500,
                          type: "regular",
                        },
                      },
                      type: "directory",
                    },
                  },
                  type: "directory",
                },
                ms: {
                  entries: {
                    LC_MESSAGES: {
                      entries: {
                        "hello.mo": {
                          narOffset: 164376,
                          size: 963,
                          type: "regular",
                        },
                      },
                      type: "directory",
                    },
                  },
                  type: "directory",
                },
                nb: {
                  entries: {
                    LC_MESSAGES: {
                      entries: {
                        "hello.mo": {
                          narOffset: 165872,
                          size: 1528,
                          type: "regular",
                        },
                      },
                      type: "directory",
                    },
                  },
                  type: "directory",
                },
                nl: {
                  entries: {
                    LC_MESSAGES: {
                      entries: {
                        "hello.mo": {
                          narOffset: 167928,
                          size: 4955,
                          type: "regular",
                        },
                      },
                      type: "directory",
                    },
                  },
                  type: "directory",
                },
                nn: {
                  entries: {
                    LC_MESSAGES: {
                      entries: {
                        "hello.mo": {
                          narOffset: 173416,
                          size: 519,
                          type: "regular",
                        },
                      },
                      type: "directory",
                    },
                  },
                  type: "directory",
                },
                pl: {
                  entries: {
                    LC_MESSAGES: {
                      entries: {
                        "hello.mo": {
                          narOffset: 174464,
                          size: 4719,
                          type: "regular",
                        },
                      },
                      type: "directory",
                    },
                  },
                  type: "directory",
                },
                pt: {
                  entries: {
                    LC_MESSAGES: {
                      entries: {
                        "hello.mo": {
                          narOffset: 179712,
                          size: 483,
                          type: "regular",
                        },
                      },
                      type: "directory",
                    },
                  },
                  type: "directory",
                },
                pt_BR: {
                  entries: {
                    LC_MESSAGES: {
                      entries: {
                        "hello.mo": {
                          narOffset: 180728,
                          size: 1672,
                          type: "regular",
                        },
                      },
                      type: "directory",
                    },
                  },
                  type: "directory",
                },
                ro: {
                  entries: {
                    LC_MESSAGES: {
                      entries: {
                        "hello.mo": {
                          narOffset: 182928,
                          size: 4907,
                          type: "regular",
                        },
                      },
                      type: "directory",
                    },
                  },
                  type: "directory",
                },
                ru: {
                  entries: {
                    LC_MESSAGES: {
                      entries: {
                        "hello.mo": {
                          narOffset: 188368,
                          size: 6014,
                          type: "regular",
                        },
                      },
                      type: "directory",
                    },
                  },
                  type: "directory",
                },
                sk: {
                  entries: {
                    LC_MESSAGES: {
                      entries: {
                        "hello.mo": {
                          narOffset: 194912,
                          size: 4646,
                          type: "regular",
                        },
                      },
                      type: "directory",
                    },
                  },
                  type: "directory",
                },
                sl: {
                  entries: {
                    LC_MESSAGES: {
                      entries: {
                        "hello.mo": {
                          narOffset: 200088,
                          size: 1505,
                          type: "regular",
                        },
                      },
                      type: "directory",
                    },
                  },
                  type: "directory",
                },
                sr: {
                  entries: {
                    LC_MESSAGES: {
                      entries: {
                        "hello.mo": {
                          narOffset: 202128,
                          size: 1919,
                          type: "regular",
                        },
                      },
                      type: "directory",
                    },
                  },
                  type: "directory",
                },
                sv: {
                  entries: {
                    LC_MESSAGES: {
                      entries: {
                        "hello.mo": {
                          narOffset: 204576,
                          size: 4956,
                          type: "regular",
                        },
                      },
                      type: "directory",
                    },
                  },
                  type: "directory",
                },
                ta: {
                  entries: {
                    LC_MESSAGES: {
                      entries: {
                        "hello.mo": {
                          narOffset: 210064,
                          size: 2352,
                          type: "regular",
                        },
                      },
                      type: "directory",
                    },
                  },
                  type: "directory",
                },
                th: {
                  entries: {
                    LC_MESSAGES: {
                      entries: {
                        "hello.mo": {
                          narOffset: 212944,
                          size: 2259,
                          type: "regular",
                        },
                      },
                      type: "directory",
                    },
                  },
                  type: "directory",
                },
                tr: {
                  entries: {
                    LC_MESSAGES: {
                      entries: {
                        "hello.mo": {
                          narOffset: 215736,
                          size: 1399,
                          type: "regular",
                        },
                      },
                      type: "directory",
                    },
                  },
                  type: "directory",
                },
                uk: {
                  entries: {
                    LC_MESSAGES: {
                      entries: {
                        "hello.mo": {
                          narOffset: 217664,
                          size: 5959,
                          type: "regular",
                        },
                      },
                      type: "directory",
                    },
                  },
                  type: "directory",
                },
                vi: {
                  entries: {
                    LC_MESSAGES: {
                      entries: {
                        "hello.mo": {
                          narOffset: 224152,
                          size: 1751,
                          type: "regular",
                        },
                      },
                      type: "directory",
                    },
                  },
                  type: "directory",
                },
                zh_CN: {
                  entries: {
                    LC_MESSAGES: {
                      entries: {
                        "hello.mo": {
                          narOffset: 226432,
                          size: 4596,
                          type: "regular",
                        },
                      },
                      type: "directory",
                    },
                  },
                  type: "directory",
                },
                zh_TW: {
                  entries: {
                    LC_MESSAGES: {
                      entries: {
                        "hello.mo": {
                          narOffset: 231560,
                          size: 1529,
                          type: "regular",
                        },
                      },
                      type: "directory",
                    },
                  },
                  type: "directory",
                },
              },
              type: "directory",
            },
            man: {
              entries: {
                man1: {
                  entries: {
                    "hello.1.gz": {
                      narOffset: 233656,
                      size: 879,
                      type: "regular",
                    },
                  },
                  type: "directory",
                },
              },
              type: "directory",
            },
          },
          type: "directory",
        },
      },
      type: "directory",
    },
    version: 1,
  },
  narHash: Hash {
    algorithm: "sha256",
    hash: Uint8Array(32) [
      21,
      39,
      148,
      161,
      76,
      100,
      230,
      236,
      237,
      255,
      33,
      25,
      222,
      213,
      254,
      229,
      223,
      1,
      191,
      49,
      177,
      96,
      143,
      22,
      41,
      32,
      31,
      201,
      69,
      133,
      60,
      131,
    ],
    raw: "sha256:10rwhm2wj7r054b8yq5i66zh3pz5zvaxw691zznyrrk49jhr89qm",
  },
  narSize: 234680,
  references: [
    "65h17wjrrlsj2rj540igylrx7fqcd6vq-glibc-2.40-36",
    "a7hnr9dcmx3qkkn8a20g7md1wya5zc9l-hello-2.12.1",
  ],
  sig: "cache.nixos.org-1:HBx8vRSFoiXhIKtXLv7LSHdEcIH5Ji4zeADslQEKWn+j++VJpWM8ASIMQ4ilCucWkzN1SlZdqSLpNhHwWPayDA==",
  storeDir: "/nix/store",
  storePath: "/nix/store/a7hnr9dcmx3qkkn8a20g7md1wya5zc9l-hello-2.12.1",
  url: URL {
    hash: "",
    host: "cache.nixos.org",
    hostname: "cache.nixos.org",
    href: "https://cache.nixos.org/nar/1386bzhbdwk63v0jl8qdmqgjz62xxib8i7f08c03f6rvy0dvmpws.nar.xz",
    origin: "https://cache.nixos.org",
    password: "",
    pathname: "/nar/1386bzhbdwk63v0jl8qdmqgjz62xxib8i7f08c03f6rvy0dvmpws.nar.xz",
    port: "",
    protocol: "https:",
    search: "",
    username: "",
  },
}
`;
